// Jest Snapshot v1, https://goo.gl/fbAQLP

exports[`renders without crashing 1`] = `
<View
  loaded={
    Array [
      0,
    ]
  }
  onLayout={[Function]}
  style={
    Array [
      Object {
        "flex": 1,
        "overflow": "hidden",
      },
      Object {
        "flex": 1,
      },
    ]
  }
>
  <View
    collapsable={undefined}
    onMoveShouldSetResponder={[Function]}
    onMoveShouldSetResponderCapture={[Function]}
    onResponderEnd={[Function]}
    onResponderGrant={[Function]}
    onResponderMove={[Function]}
    onResponderReject={[Function]}
    onResponderRelease={[Function]}
    onResponderStart={[Function]}
    onResponderTerminate={[Function]}
    onResponderTerminationRequest={[Function]}
    onStartShouldSetResponder={[Function]}
    onStartShouldSetResponderCapture={[Function]}
    style={
      Object {
        "alignItems": "stretch",
        "flex": 1,
        "flexDirection": "row",
      }
    }
  >
    <View
      style={
        Object {
          "bottom": 0,
          "left": 0,
          "position": "absolute",
          "right": 0,
          "top": 0,
        }
      }
      testID={undefined}
    >
      <View
        collapsable={false}
        removeClippedSubviews={false}
        style={
          Object {
            "flex": 1,
            "overflow": "hidden",
          }
        }
      >
        <View
          style={
            Object {
              "flex": 1,
            }
          }
        >
          <View
            style={
              Object {
                "flex": 1,
                "height": 1334,
              }
            }
            virtual={undefined}
          >
            <View>
              <View
                style={
                  Object {
                    "backgroundColor": "#F8F8F8",
                    "borderBottomColor": "#a7a6ab",
                    "borderBottomWidth": 0.5,
                    "elevation": 3,
                    "flexDirection": "row",
                    "height": 64,
                    "justifyContent": "center",
                    "left": 0,
                    "paddingLeft": 10,
                    "paddingRight": 10,
                    "paddingTop": 15,
                    "right": 0,
                    "shadowColor": undefined,
                    "shadowOffset": undefined,
                    "shadowOpacity": undefined,
                    "shadowRadius": undefined,
                    "top": 0,
                  }
                }
                virtual={undefined}
              >
                <View
                  style={
                    Object {
                      "alignItems": "flex-start",
                      "alignSelf": "center",
                      "flex": 1,
                    }
                  }
                  virtual={undefined}
                >
                  <View
                    accessibilityComponentType={undefined}
                    accessibilityLabel={undefined}
                    accessibilityTraits={undefined}
                    accessible={true}
                    collapsable={undefined}
                    hasTVPreferredFocus={undefined}
                    hitSlop={undefined}
                    isTVSelectable={true}
                    nativeID={undefined}
                    onLayout={undefined}
                    onResponderGrant={[Function]}
                    onResponderMove={[Function]}
                    onResponderRelease={[Function]}
                    onResponderTerminate={[Function]}
                    onResponderTerminationRequest={[Function]}
                    onStartShouldSetResponder={[Function]}
                    style={
                      Object {
                        "alignItems": "center",
                        "alignSelf": null,
                        "backgroundColor": "transparent",
                        "borderBottomWidth": null,
                        "borderColor": null,
                        "borderLeftWidth": null,
                        "borderRadius": 5,
                        "borderRightWidth": null,
                        "borderTopWidth": null,
                        "elevation": 0,
                        "flexDirection": "row",
                        "height": 45,
                        "justifyContent": "space-between",
                        "marginLeft": -3,
                        "opacity": 1,
                        "paddingBottom": 6,
                        "paddingLeft": 6,
                        "paddingRight": 6,
                        "paddingTop": 6,
                        "shadowColor": null,
                        "shadowOffset": null,
                        "shadowOpacity": null,
                        "shadowRadius": null,
                      }
                    }
                    testID={undefined}
                    tvParallaxProperties={undefined}
                  >
                    <Text
                      accessible={true}
                      allowFontScaling={true}
                      ellipsizeMode="tail"
                    />
                  </View>
                </View>
                <View
                  style={
                    Object {
                      "alignItems": "center",
                      "alignSelf": "center",
                      "flex": 1,
                    }
                  }
                  virtual={undefined}
                >
                  <Text
                    accessible={true}
                    allowFontScaling={true}
                    ellipsizeMode="tail"
                    numberOfLines={1}
                    style={
                      Object {
                        "color": "#000",
                        "fontFamily": "System",
                        "fontSize": 17,
                        "fontWeight": "600",
                        "textAlign": "center",
                      }
                    }
                    virtual={undefined}
                  >
                    Home Screen
                  </Text>
                </View>
                <View
                  style={
                    Object {
                      "alignItems": "flex-end",
                      "alignSelf": "center",
                      "flex": 1,
                      "flexDirection": "row",
                      "justifyContent": "flex-end",
                    }
                  }
                  virtual={undefined}
                />
              </View>
            </View>
            <RCTScrollView
              automaticallyAdjustContentInsets={false}
              contentContainerStyle={undefined}
              contentInset={
                Object {
                  "bottom": 0,
                }
              }
              enableAutoAutomaticScroll={true}
              enableResetScrollToCoords={true}
              extraHeight={75}
              extraScrollHeight={0}
              getScrollResponder={[Function]}
              handleOnScroll={[Function]}
              keyboardDismissMode="interactive"
              keyboardOpeningTime={250}
              keyboardShouldPersistTaps="handled"
              keyboardSpace={0}
              onScroll={[Function]}
              padder={true}
              resetKeyboardSpace={[Function]}
              resetScrollToCoords={
                Object {
                  "x": 0,
                  "y": 0,
                }
              }
              scrollEventThrottle={1}
              scrollForExtraHeightOnAndroid={[Function]}
              scrollToEnd={[Function]}
              scrollToFocusedInput={[Function]}
              scrollToPosition={[Function]}
              showsVerticalScrollIndicator={true}
              style={
                Object {
                  "backgroundColor": "transparent",
                  "flex": 1,
                  "paddingBottom": 10,
                  "paddingLeft": 10,
                  "paddingRight": 10,
                  "paddingTop": 10,
                }
              }
              viewIsInsideTabBar={false}
              virtual={undefined}
            >
              <View>
                <Text
                  accessible={true}
                  allowFontScaling={true}
                  ellipsizeMode="tail"
                >
                  This is Content Section
                </Text>
              </View>
            </RCTScrollView>
          </View>
        </View>
      </View>
    </View>
    <View
      style={null}
      testID={undefined}
    />
  </View>
  <View
    collapsable={undefined}
    style={undefined}
  >
    <View
      collapsable={undefined}
      onLayout={[Function]}
      pointerEvents="box-none"
      style={
        Object {
          "backgroundColor": "#F7F7F7",
          "borderTopColor": "rgba(0, 0, 0, .3)",
          "borderTopWidth": 0.5,
          "flexDirection": "row",
          "height": 49,
          "paddingBottom": 0,
          "paddingLeft": 0,
          "paddingRight": 0,
          "paddingTop": 0,
        }
      }
    >
      <View
        accessibilityComponentType={undefined}
        accessibilityLabel={undefined}
        accessibilityTraits={undefined}
        accessible={true}
        collapsable={undefined}
        hitSlop={undefined}
        nativeID={undefined}
        onLayout={undefined}
        onResponderGrant={[Function]}
        onResponderMove={[Function]}
        onResponderRelease={[Function]}
        onResponderTerminate={[Function]}
        onResponderTerminationRequest={[Function]}
        onStartShouldSetResponder={[Function]}
        style={
          Object {
            "alignItems": "center",
            "backgroundColor": "rgba(0, 0, 0, 0)",
            "flex": 1,
          }
        }
        testID={undefined}
      >
        <View
          style={
            Array [
              Object {
                "alignItems": "center",
                "flex": 1,
              },
              Object {
                "flexDirection": "column",
                "justifyContent": "flex-end",
              },
              undefined,
            ]
          }
        >
          <View
            style={
              Array [
                Object {
                  "height": 29,
                },
                false,
                Object {
                  "flexGrow": 1,
                },
              ]
            }
          >
            <View
              collapsable={undefined}
              style={
                Object {
                  "alignItems": "center",
                  "alignSelf": "center",
                  "height": "100%",
                  "justifyContent": "center",
                  "opacity": 1,
                  "position": "absolute",
                  "width": "100%",
                }
              }
            >
              <Text
                accessible={true}
                allowFontScaling={true}
                ellipsizeMode="tail"
              />
            </View>
            <View
              collapsable={undefined}
              style={
                Object {
                  "alignItems": "center",
                  "alignSelf": "center",
                  "height": "100%",
                  "justifyContent": "center",
                  "opacity": 0,
                  "position": "absolute",
                  "width": "100%",
                }
              }
            >
              <Text
                accessible={true}
                allowFontScaling={true}
                ellipsizeMode="tail"
              />
            </View>
          </View>
          <Text
            accessible={true}
            allowFontScaling={true}
            collapsable={undefined}
            ellipsizeMode="tail"
            numberOfLines={1}
            style={
              Object {
                "backgroundColor": "transparent",
                "color": "rgba(255, 99, 71, 1)",
                "fontSize": 10,
                "marginBottom": 1.5,
                "textAlign": "center",
              }
            }
          >
            Home
          </Text>
        </View>
      </View>
      <View
        accessibilityComponentType={undefined}
        accessibilityLabel={undefined}
        accessibilityTraits={undefined}
        accessible={true}
        collapsable={undefined}
        hitSlop={undefined}
        nativeID={undefined}
        onLayout={undefined}
        onResponderGrant={[Function]}
        onResponderMove={[Function]}
        onResponderRelease={[Function]}
        onResponderTerminate={[Function]}
        onResponderTerminationRequest={[Function]}
        onStartShouldSetResponder={[Function]}
        style={
          Object {
            "alignItems": "center",
            "backgroundColor": "rgba(0, 0, 0, 0)",
            "flex": 1,
          }
        }
        testID={undefined}
      >
        <View
          style={
            Array [
              Object {
                "alignItems": "center",
                "flex": 1,
              },
              Object {
                "flexDirection": "column",
                "justifyContent": "flex-end",
              },
              undefined,
            ]
          }
        >
          <View
            style={
              Array [
                Object {
                  "height": 29,
                },
                false,
                Object {
                  "flexGrow": 1,
                },
              ]
            }
          >
            <View
              collapsable={undefined}
              style={
                Object {
                  "alignItems": "center",
                  "alignSelf": "center",
                  "height": "100%",
                  "justifyContent": "center",
                  "opacity": 0,
                  "position": "absolute",
                  "width": "100%",
                }
              }
            >
              <Text
                accessible={true}
                allowFontScaling={true}
                ellipsizeMode="tail"
              />
            </View>
            <View
              collapsable={undefined}
              style={
                Object {
                  "alignItems": "center",
                  "alignSelf": "center",
                  "height": "100%",
                  "justifyContent": "center",
                  "opacity": 1,
                  "position": "absolute",
                  "width": "100%",
                }
              }
            >
              <Text
                accessible={true}
                allowFontScaling={true}
                ellipsizeMode="tail"
              />
            </View>
          </View>
          <Text
            accessible={true}
            allowFontScaling={true}
            collapsable={undefined}
            ellipsizeMode="tail"
            numberOfLines={1}
            style={
              Object {
                "backgroundColor": "transparent",
                "color": "rgba(128, 128, 128, 1)",
                "fontSize": 10,
                "marginBottom": 1.5,
                "textAlign": "center",
              }
            }
          >
            List
          </Text>
        </View>
      </View>
    </View>
  </View>
</View>
`;
